error: The default runtime flavor is `multi_thread`, but the `rt-threaded` feature is disabled.
 --> $DIR/macros_core_no_default.rs:3:1
  |
3 | #[tokio::main]
  | ^^^^^^^^^^^^^^
  |
  = note: this error originates in an attribute macro (in Nightly builds, run with -Z macro-backtrace for more info)
