error[E0432]: unresolved import `build_tests::tokio_net::uds`
 --> $DIR/net_without_uds_missing_uds.rs:1:5
  |
1 | use build_tests::tokio_net::uds;
  |     ^^^^^^^^^^^^^^^^^^^^^^^^^^^ no `uds` in `tokio_net`

For more information about this error, try `rustc --explain E0432`.
